sending:
a
a
receiving:
0
sending:
a
a
receiving:
1
sending:
a
a
receiving:
2
sending:
a
a
receiving:
3
sending:
a
a
receiving:
4
true
quitting...