receiver:
2
sender:
1
receiver:
3
sender:
2
receiver:
5
sender:
4
receiver:
9
sender:
8
receiver:
17
sender:
16
receiver:
33
sender:
32
receiver:
65
sender:
64
receiver:
129
sender:
128
receiver:
257
sender:
256
receiver:
513
sender:
512