1
r
false
2
j
false
1
r
false
2
j
false
3
1
r
false